// Jest Snapshot v1, https://goo.gl/fbAQLP

exports[`renders correctly 1`] = `
<div
  className="list-group-item"
  onClick={[Function]}
>
  <p>
    Rocket number 1
  </p>
</div>
`;
